15:11:59 **** Incremental Build of configuration Debug for project elevator_test ****
make -j4 all 
arm-none-eabi-gcc "../Core/Src/main.c" -mcpu=cortex-m3 -std=gnu11 -g3 -DDEBUG -DUSE_HAL_DRIVER -DSTM32F103xB -c -I../Core/Inc -I../Drivers/STM32F1xx_HAL_Driver/Inc -I../Drivers/STM32F1xx_HAL_Driver/Inc/Legacy -I../Drivers/CMSIS/Device/ST/STM32F1xx/Include -I../Drivers/CMSIS/Include -O0 -ffunction-sections -fdata-sections -Wall -fstack-usage -fcyclomatic-complexity -MMD -MP -MF"Core/Src/main.d" -MT"Core/Src/main.o" --specs=nano.specs -mfloat-abi=soft -mthumb -o "Core/Src/main.o"
../Core/Src/main.c: In function 'go_floor':
../Core/Src/main.c:435:11: warning: implicit declaration of function 'update_currentFloor' [-Wimplicit-function-declaration]
  435 |           update_currentFloor();
      |           ^~~~~~~~~~~~~~~~~~~
../Core/Src/main.c:436:11: warning: implicit declaration of function 'display_floor' [-Wimplicit-function-declaration]
  436 |           display_floor();
      |           ^~~~~~~~~~~~~
../Core/Src/main.c: At top level:
../Core/Src/main.c:447:6: warning: conflicting types for 'update_currentFloor'; have 'void()'
  447 | void update_currentFloor(){
      |      ^~~~~~~~~~~~~~~~~~~
../Core/Src/main.c:435:11: note: previous implicit declaration of 'update_currentFloor' with type 'void()'
  435 |           update_currentFloor();
      |           ^~~~~~~~~~~~~~~~~~~
../Core/Src/main.c:462:6: warning: conflicting types for 'display_floor'; have 'void()'
  462 | void display_floor(){
      |      ^~~~~~~~~~~~~
../Core/Src/main.c:436:11: note: previous implicit declaration of 'display_floor' with type 'void()'
  436 |           display_floor();
      |           ^~~~~~~~~~~~~
arm-none-eabi-gcc -o "elevator_test.elf" @"objects.list"   -mcpu=cortex-m3 -T"C:\Users\user\STM32CubeIDE\exhibition_test\led_switch\STM32F103RBTX_FLASH.ld" --specs=nosys.specs -Wl,-Map="elevator_test.map" -Wl,--gc-sections -static --specs=nano.specs -mfloat-abi=soft -mthumb -Wl,--start-group -lc -lm -Wl,--end-group
Finished building target: elevator_test.elf
 
arm-none-eabi-size  elevator_test.elf 
arm-none-eabi-objdump -h -S elevator_test.elf  > "elevator_test.list"
   text	   data	    bss	    dec	    hex	filename
  11740	    124	   1764	  13628	   353c	elevator_test.elf
Finished building: default.size.stdout
 
Finished building: elevator_test.list
 

15:12:05 Build Finished. 0 errors, 4 warnings. (took 5s.979ms)

